Information: Propagating switching activity (low effort zero delay simulation). (PWR-6)
Warning: Design has unannotated primary inputs. (PWR-414)
Warning: Design has unannotated sequential cell outputs. (PWR-415)
 
****************************************
Report : power
        -analysis_effort low
Design : top
Version: S-2021.06
Date   : Mon May  2 16:44:20 2022
****************************************


Library(s) Used:

    tcbn45gsbwptc (File: /cae/apps/data/tsmclibs-2013/digital/Front_End/timing_power_noise/NLDM/tcbn45gsbwp_120a/tcbn45gsbwptc.db)


Operating Conditions: NCCOM   Library: tcbn45gsbwptc
Wire Load Model Mode: segmented

Design        Wire Load Model            Library
------------------------------------------------
top                    ZeroWireload      tcbn45gsbwptc


Global Operating Voltage = 0.9  
Power-specific unit information :
    Voltage Units = 1V
    Capacitance Units = 1.000000pf
    Time Units = 1ns
    Dynamic Power Units = 1mW    (derived from V,C,T units)
    Leakage Power Units = 1nW


  Cell Internal Power  =   6.6175 mW   (66%)
  Net Switching Power  =   3.4166 mW   (34%)
                         ---------
Total Dynamic Power    =  10.0341 mW  (100%)

Cell Leakage Power     = 478.2141 uW


                 Internal         Switching           Leakage            Total
Power Group      Power            Power               Power              Power   (   %    )  Attrs
--------------------------------------------------------------------------------------------------
io_pad             0.0000            0.0000            0.0000            0.0000  (   0.00%)
memory             0.0000            0.0000            0.0000            0.0000  (   0.00%)
black_box          0.0000            0.0000            0.0000            0.0000  (   0.00%)
clock_network  2.8525e-02            0.4483          910.8924            0.4777  (   4.54%)
register           2.0811        9.5413e-02        4.0157e+04            2.2166  (  21.09%)
sequential         0.0000            0.0000            0.0000            0.0000  (   0.00%)
combinational      4.5079            2.8729        4.3714e+05            7.8179  (  74.37%)
--------------------------------------------------------------------------------------------------
Total              6.6175 mW         3.4166 mW     4.7821e+05 nW        10.5123 mW
1
