Information: Propagating switching activity (low effort zero delay simulation). (PWR-6)
Warning: Design has unannotated primary inputs. (PWR-414)
Warning: Design has unannotated sequential cell outputs. (PWR-415)
 
****************************************
Report : power
        -analysis_effort low
Design : top
Version: S-2021.06
Date   : Mon May  2 16:47:29 2022
****************************************


Library(s) Used:

    tcbn45gsbwptc (File: /cae/apps/data/tsmclibs-2013/digital/Front_End/timing_power_noise/NLDM/tcbn45gsbwp_120a/tcbn45gsbwptc.db)


Operating Conditions: NCCOM   Library: tcbn45gsbwptc
Wire Load Model Mode: segmented

Design        Wire Load Model            Library
------------------------------------------------
top                    ZeroWireload      tcbn45gsbwptc


Global Operating Voltage = 0.9  
Power-specific unit information :
    Voltage Units = 1V
    Capacitance Units = 1.000000pf
    Time Units = 1ns
    Dynamic Power Units = 1mW    (derived from V,C,T units)
    Leakage Power Units = 1nW


  Cell Internal Power  =   6.6200 mW   (66%)
  Net Switching Power  =   3.4500 mW   (34%)
                         ---------
Total Dynamic Power    =  10.0700 mW  (100%)

Cell Leakage Power     = 478.6391 uW


                 Internal         Switching           Leakage            Total
Power Group      Power            Power               Power              Power   (   %    )  Attrs
--------------------------------------------------------------------------------------------------
io_pad             0.0000            0.0000            0.0000            0.0000  (   0.00%)
memory             0.0000            0.0000            0.0000            0.0000  (   0.00%)
black_box          0.0000            0.0000            0.0000            0.0000  (   0.00%)
clock_network  2.8510e-02            0.4431          910.8924            0.4725  (   4.48%)
register           2.0843            0.1000        4.0156e+04            2.2245  (  21.09%)
sequential         0.0000            0.0000            0.0000            0.0000  (   0.00%)
combinational      4.5072            2.9068        4.3757e+05            7.8516  (  74.43%)
--------------------------------------------------------------------------------------------------
Total              6.6200 mW         3.4500 mW     4.7864e+05 nW        10.5486 mW
1
